
[TestConftestEvaluatorEvaluate - 1]
evaluator.CheckResults{
    {
        CheckResult: output.CheckResult{
            FileName:  "$TMPDIR/inputs/data.json",
            Namespace: "a",
            Successes: 1,
            Skipped:   {
            },
            Warnings: {
                {
                    Message:  "Warning!",
                    Metadata: {
                        "code": "a.warning",
                    },
                    Outputs: nil,
                },
            },
            Failures: {
                {
                    Message:  "Failure!",
                    Metadata: {
                        "code": "a.failure",
                    },
                    Outputs: nil,
                },
            },
            Exceptions: {
            },
            Queries: {
                {
                    Query:   "data.a.exception[_][_] == \"\"",
                    Results: nil,
                    Traces:  nil,
                    Outputs: {},
                },
                {
                    Query:   "data.a.deny",
                    Results: {
                        {
                            Message:  "Failure!",
                            Metadata: {
                                "code": "a.failure",
                            },
                            Outputs: nil,
                        },
                    },
                    Traces:  nil,
                    Outputs: {},
                },
                {
                    Query:   "data.a.exception[_][_] == \"\"",
                    Results: nil,
                    Traces:  nil,
                    Outputs: {},
                },
                {
                    Query:   "data.a.warn",
                    Results: {
                        {
                            Message:  "Warning!",
                            Metadata: {
                                "code": "a.warning",
                            },
                            Outputs: nil,
                        },
                    },
                    Traces:  nil,
                    Outputs: {},
                },
            },
        },
        Successes: {
            {
                Message:  "Pass",
                Metadata: {
                    "code": "a.success",
                },
                Outputs: nil,
            },
        },
    },
    {
        CheckResult: output.CheckResult{
            FileName:  "$TMPDIR/inputs/data.json",
            Namespace: "b",
            Successes: 1,
            Skipped:   {
            },
            Warnings: {
                {
                    Message:  "Warning!",
                    Metadata: {
                        "code": "b.warning",
                    },
                    Outputs: nil,
                },
            },
            Failures: {
                {
                    Message:  "Failure!",
                    Metadata: {
                        "code": "b.failure",
                    },
                    Outputs: nil,
                },
            },
            Exceptions: {
            },
            Queries: {
                {
                    Query:   "data.b.exception[_][_] == \"\"",
                    Results: nil,
                    Traces:  nil,
                    Outputs: {},
                },
                {
                    Query:   "data.b.deny",
                    Results: {
                        {
                            Message:  "Failure!",
                            Metadata: {
                                "code": "b.failure",
                            },
                            Outputs: nil,
                        },
                    },
                    Traces:  nil,
                    Outputs: {},
                },
                {
                    Query:   "data.b.exception[_][_] == \"\"",
                    Results: nil,
                    Traces:  nil,
                    Outputs: {},
                },
                {
                    Query:   "data.b.warn",
                    Results: {
                        {
                            Message:  "Warning!",
                            Metadata: {
                                "code": "b.warning",
                            },
                            Outputs: nil,
                        },
                    },
                    Traces:  nil,
                    Outputs: {},
                },
            },
        },
        Successes: {
            {
                Message:  "Pass",
                Metadata: {
                    "code": "b.success",
                },
                Outputs: nil,
            },
        },
    },
}
evaluator.Data{
    "config": map[string]interface {}{
        "policy": map[string]interface {}{
            "when_ns": "1401494400000000000",
        },
    },
}
---
