
[success:stdout - 1]
[
  {
    "filename": "acceptance/examples/empty_input.json",
    "namespace": "main",
    "successes": 1
  }
]
---

[success:stderr - 1]

---
[a warning:stdout - 1]
[
  {
    "filename": "acceptance/examples/empty_input.json",
    "namespace": "main",
    "successes": 0,
    "warnings": [
      {
        "msg": "Has a warning"
      }
    ]
  }
]
---

[a warning:stderr - 1]

---
[a warning with fail-on-warn:stdout - 1]
[
  {
    "filename": "acceptance/examples/empty_input.json",
    "namespace": "main",
    "successes": 0,
    "warnings": [
      {
        "msg": "Has a warning"
      }
    ]
  }
]
---

[a warning with fail-on-warn:stderr - 1]

---
[a deny:stdout - 1]
[
  {
    "filename": "acceptance/examples/empty_input.json",
    "namespace": "main",
    "successes": 0,
    "failures": [
      {
        "msg": "Failure due to overripeness"
      }
    ]
  }
]
---

[a deny:stderr - 1]

---
[a deny with no-fail:stdout - 1]
[
  {
    "filename": "acceptance/examples/empty_input.json",
    "namespace": "main",
    "successes": 0,
    "failures": [
      {
        "msg": "Failure due to overripeness"
      }
    ]
  }
]
---

[a deny with no-fail:stderr - 1]

---
[plain text deny:stdout - 1]
FAIL - acceptance/examples/empty_input.json - main - Failure due to overripeness

1 test, 0 passed, 0 warnings, 1 failure, 0 exceptions

---

[plain text deny:stderr - 1]

---
