
[Verifying a simple task definition:validate - 1]
{
  "definitions": [
    {
      "filename": "${TEMP}/definition-file-${RANDOM}",
      "violations": [],
      "warnings": [],
      "successes": []
    }
  ],
  "success": true,
  "ec-version": "${EC_VERSION}"
}
---

[Verifying a simple task definition:results - 1]
{}
---
