
[:stdout - 1]
/-/-/-/
pipeline-bundles:
  ${REGISTRY}/acceptance/bundle:
    - digest: sha256:${REGISTRY_acceptance/bundle:tag_DIGEST}
      effective_on: "${TIMESTAMP}"
      tag: tag
task-bundles:
  ${REGISTRY}/acceptance/bundle:
    - digest: sha256:${REGISTRY_acceptance/bundle:tag_DIGEST}
      effective_on: "${TIMESTAMP}"
      tag: tag

---

[:stderr - 1]

---
