
[:stdout - 1]
/-/-/-/
task-bundles:
  ${REGISTRY}/acceptance/bundle:
    - digest: sha256:${REGISTRY_acceptance/bundle:tag_DIGEST}
      effective_on: "${TIMESTAMP}"
      tag: tag
trusted_tasks:
  oci://${REGISTRY}/acceptance/bundle:tag:
    - effective_on: "${TIMESTAMP}"
      ref: sha256:${REGISTRY_acceptance/bundle:tag_DIGEST}

---

[:stderr - 1]

---

[Fresh tags:stdout - 1]
/-/-/-/
task-bundles:
  ${REGISTRY}/acceptance/bundle:
    - digest: sha256:${REGISTRY_acceptance/bundle:tag_DIGEST}
      effective_on: "${TIMESTAMP}"
      tag: tag
    - digest: sha256:0af8c4f92f4b252b3ef0cbd712e7352196bc33a96c58b6e1d891b26e171deae8
      effective_on: "2006-01-02T15:04:05Z"
      expires_on: "${TIMESTAMP}"
      tag: tag
trusted_tasks:
  oci://${REGISTRY}/acceptance/bundle:tag:
    - effective_on: "${TIMESTAMP}"
      ref: sha256:${REGISTRY_acceptance/bundle:tag_DIGEST}
    - effective_on: "2006-01-02T15:04:05Z"
      expires_on: "${TIMESTAMP}"
      ref: sha256:0af8c4f92f4b252b3ef0cbd712e7352196bc33a96c58b6e1d891b26e171deae8

---

[Fresh tags:stderr - 1]

---

[Pipeline definition is ignored from mixed bundle:stdout - 1]
/-/-/-/
task-bundles:
  ${REGISTRY}/acceptance/bundle:
    - digest: sha256:${REGISTRY_acceptance/bundle:tag_DIGEST}
      effective_on: "${TIMESTAMP}"
      tag: tag
trusted_tasks:
  oci://${REGISTRY}/acceptance/bundle:tag:
    - effective_on: "${TIMESTAMP}"
      ref: sha256:${REGISTRY_acceptance/bundle:tag_DIGEST}

---

[Pipeline definition is ignored from mixed bundle:stderr - 1]

---

[Pipeline definition is ignored on its own:stdout - 1]
/-/-/-/
{}

---

[Pipeline definition is ignored on its own:stderr - 1]

---

[Track git references:stdout - 1]
/-/-/-/
trusted_tasks:
  git+https://github.com/redhat-appstudio/build-definitions.git//task/buildah/0.1/buildah.yaml:
    - effective_on: "${TIMESTAMP}"
      ref: 3672a457e3e89c0591369f609eba727b8e84108f

---

[Track git references:stderr - 1]

---

[track tekton-task alias:stdout - 1]
/-/-/-/
task-bundles:
  ${REGISTRY}/acceptance/bundle:
    - digest: sha256:${REGISTRY_acceptance/bundle:tag_DIGEST}
      effective_on: "${TIMESTAMP}"
      tag: tag
trusted_tasks:
  git+https://github.com/redhat-appstudio/build-definitions.git//task/buildah/0.1/buildah.yaml:
    - effective_on: "${TIMESTAMP}"
      ref: 3672a457e3e89c0591369f609eba727b8e84108f
  oci://${REGISTRY}/acceptance/bundle:tag:
    - effective_on: "${TIMESTAMP}"
      ref: sha256:${REGISTRY_acceptance/bundle:tag_DIGEST}

---

[track tekton-task alias:stderr - 1]

---

[Track git references:stdout - 2]
/-/-/-/
trusted_tasks:
  git+https://forge.io/organization/repository.git//task/0.1/task.yaml:
    - effective_on: "${TIMESTAMP}"
      ref: f0cacc1af00d

---

[Track git references:stderr - 2]

---

[Track tekton-task alias:stdout - 1]
/-/-/-/
task-bundles:
  ${REGISTRY}/acceptance/bundle:
    - digest: sha256:${REGISTRY_acceptance/bundle:tag_DIGEST}
      effective_on: "${TIMESTAMP}"
      tag: tag
trusted_tasks:
  git+https://github.com/redhat-appstudio/build-definitions.git//task/buildah/0.1/buildah.yaml:
    - effective_on: "${TIMESTAMP}"
      ref: 3672a457e3e89c0591369f609eba727b8e84108f
  oci://${REGISTRY}/acceptance/bundle:tag:
    - effective_on: "${TIMESTAMP}"
      ref: sha256:${REGISTRY_acceptance/bundle:tag_DIGEST}

---

[Track tekton-task alias:stderr - 1]

---

[Track git references, append to existing:stdout - 1]
/-/-/-/
trusted_tasks:
  git+https://forge.io/organization/repository.git//task/0.1/task.yaml:
    - effective_on: "${TIMESTAMP}"
      ref: f0cacc1af00d
    - effective_on: "2006-01-02T15:04:05Z"
      expires_on: "${TIMESTAMP}"
      ref: f0cacc1a

---

[Track git references, append to existing:stderr - 1]

---

[Track git references, with prune:stdout - 1]
/-/-/-/
trusted_tasks:
  git+https://forge.io/organization/repository.git//task/0.1/task.yaml:
    - effective_on: "2006-01-02T15:04:05Z"
      ref: f0cacc1a

---

[Track git references, with prune:stderr - 1]

---
