
[:stdout - 1]
{
  "definitions": [
    {
      "filename": "pipeline_definition.yaml",
      "violations": [],
      "warnings": [],
      "successes": []
    }
  ],
  "success": true,
  "ec-version": "${EC_VERSION}"
}
---

[:stderr - 1]

---

[Showing successes:stdout - 1]
{
  "definitions": [
    {
      "filename": "pipeline_definition.yaml",
      "violations": [],
      "warnings": [],
      "successes": [
        {
          "msg": "Pass",
          "metadata": {
            "code": "main.expected_kind",
            "description": "Check that the pipeline is a kind of \"Pipeline\"",
            "title": "Pipeline kind is expected"
          }
        }
      ]
    }
  ],
  "success": true,
  "ec-version": "${EC_VERSION}"
}
---

[Showing successes:stderr - 1]

---
