
[TestJsonSchemaFromPolicySpec - 1]
{
 "$defs": {
  "EnterpriseContractPolicyConfiguration": {
   "additionalProperties": false,
   "properties": {
    "collections": {
     "items": {
      "type": "string"
     },
     "type": "array"
    },
    "exclude": {
     "items": {
      "type": "string"
     },
     "type": "array"
    },
    "include": {
     "items": {
      "type": "string"
     },
     "type": "array"
    }
   },
   "type": "object"
  },
  "EnterpriseContractPolicySpec": {
   "additionalProperties": false,
   "properties": {
    "configuration": {
     "$ref": "#/$defs/EnterpriseContractPolicyConfiguration"
    },
    "description": {
     "type": "string"
    },
    "identity": {
     "$ref": "#/$defs/Identity"
    },
    "name": {
     "type": "string"
    },
    "publicKey": {
     "type": "string"
    },
    "rekorUrl": {
     "type": "string"
    },
    "sources": {
     "items": {
      "$ref": "#/$defs/Source"
     },
     "type": "array"
    }
   },
   "type": "object"
  },
  "Identity": {
   "additionalProperties": false,
   "properties": {
    "issuer": {
     "type": "string"
    },
    "issuerRegExp": {
     "type": "string"
    },
    "subject": {
     "type": "string"
    },
    "subjectRegExp": {
     "type": "string"
    }
   },
   "type": "object"
  },
  "JSON": {
   "additionalProperties": false,
   "properties": {},
   "type": "object"
  },
  "Source": {
   "additionalProperties": false,
   "properties": {
    "config": {
     "$ref": "#/$defs/SourceConfig"
    },
    "data": {
     "items": {
      "type": "string"
     },
     "type": "array"
    },
    "name": {
     "type": "string"
    },
    "policy": {
     "items": {
      "type": "string"
     },
     "type": "array"
    },
    "ruleData": {
     "$ref": "#/$defs/JSON"
    },
    "volatileConfig": {
     "$ref": "#/$defs/VolatileSourceConfig"
    }
   },
   "type": "object"
  },
  "SourceConfig": {
   "additionalProperties": false,
   "properties": {
    "exclude": {
     "items": {
      "type": "string"
     },
     "type": "array"
    },
    "include": {
     "items": {
      "type": "string"
     },
     "type": "array"
    }
   },
   "type": "object"
  },
  "VolatileCriteria": {
   "additionalProperties": false,
   "properties": {
    "effectiveOn": {
     "type": "string"
    },
    "effectiveUntil": {
     "type": "string"
    },
    "imageRef": {
     "type": "string"
    },
    "value": {
     "type": "string"
    }
   },
   "required": [
    "value"
   ],
   "type": "object"
  },
  "VolatileSourceConfig": {
   "additionalProperties": false,
   "properties": {
    "exclude": {
     "items": {
      "$ref": "#/$defs/VolatileCriteria"
     },
     "type": "array"
    },
    "include": {
     "items": {
      "$ref": "#/$defs/VolatileCriteria"
     },
     "type": "array"
    }
   },
   "type": "object"
  }
 },
 "$id": "https://github.com/enterprise-contract/enterprise-contract-controller/api/v1alpha1/enterprise-contract-policy-spec",
 "$ref": "#/$defs/EnterpriseContractPolicySpec",
 "$schema": "https://json-schema.org/draft/2020-12/schema"
}
---
